[21:09:16] sync start
[21:09:36] synced: synced_at=2026-09-28T19:09:21Z source=/Volumes/CrucialX9/flutter_app source_head=06d5ab5704cf0106e730f0dab17b0abfd645fe7c source_head_short=06d5ab570 source_dirty_files=505 note=working tree copy, not a commit; .git deliberately not copied 
[21:09:36] fix markers present (B, B5, B8, R2-1..R2-3, R2-4 follow-up 2, R2-6 follow-up 2)
[21:09:38] android build 1.0.0-06d5ab570.d505.t260928210936
[21:11:05] ANDROID OK go_new_symbol=2
[21:11:05] apk has TranscodeOutputGuard: 7
[21:11:10] transcoder resolved: com.otaliastudios:transcoder:0.11.2 
[21:12:42] kotlin call tests exit=0 BUILD SUCCESSFUL in 1m 32s 
[21:12:48] video_compress unit tests exit=0 BUILD SUCCESSFUL in 5s 
[21:12:48] ios go bindings
[21:12:55] ios build (in-app call UI)
[21:18:03] IOS OK go_marker=4 go_new_symbol=6
[21:18:03] 1.0.0-06d5ab570.d505.t260928210936
[21:18:03] R27 BUILD DONE
build name: 1.0.0-06d5ab570.d505.t260928210936
ios installed: 260928210936 (want 260928210936)
android push: 279516359/279516359 bytes in 1 s
android pm install: Success in 1 s
android installed: 1.0.0-06d5ab570.d505.t260928210936 MATCH
INSTALL DONE
