[14:30:16] sync start
[14:30:25] synced: synced_at=2026-09-30T12:30:19Z source=/Volumes/CrucialX9/flutter_app source_head=06d5ab5704cf0106e730f0dab17b0abfd645fe7c source_head_short=06d5ab570 source_dirty_files=532 note=working tree copy, not a commit; .git deliberately not copied 
[14:30:25] R2-8 fix markers and R2-9 headless admission timing markers present
[14:30:26] android build 1.0.0-06d5ab570.d532.t260930143025
[14:31:40] ANDROID OK go_new_symbol=2 sha256=75f8470edafa3b9d
[14:31:40] apk has updateAuthenticatedContactName: 2
[14:34:40] kotlin call tests exit=0 BUILD SUCCESSFUL in 2m 59s 
[14:34:40]   MknoonCallNativeBridgeTest: tests="29" skipped="0" failures="0" errors="0" Sep 30 14:34:39 2026
[14:34:41]   MknoonCallLifecycleControllerTest: tests="62" skipped="0" failures="0" errors="0" Sep 30 14:34:39 2026
[14:34:41]   MknoonCallNotificationFactoryTest: tests="15" skipped="0" failures="0" errors="0" Sep 30 14:34:39 2026
[14:34:41] dart call tests
[14:35:22] dart call tests exit=0 00:05 +351: All tests passed!
[14:35:22] ios go bindings
[14:35:38] ios build (in-app call UI)
[14:40:19] IOS OK go_marker=4 go_new_symbol=6
[14:40:19] 1.0.0-06d5ab570.d532.t260930143025
[14:40:19] R33 BUILD DONE
build name: 1.0.0-06d5ab570.d532.t260930143025
saved 1.0.0-06d5ab570.r210 from /data/app/~~HAPLkNu06XduYNrBTRcGOQ==/com.mknoon.app-940Tt_6OPnbAYdZ4b4Ra4Q==/base.apk: 279536791 bytes, device 279536791 bytes
ios installed: 260930143025 (want 260930143025)
android push: 279537215/279537215 bytes in 1 s
android pm install: Success in 1 s
android installed: 1.0.0-06d5ab570.d532.t260930143025 MATCH
INSTALL DONE
