flutter: Flutter 3.47.2 • channel [user-branch] • https://github.com/flutter/flutter.git
PROVENANCE version=1.0.1+121 name=1.0.1 build=121 sha=73376731a branch=HEAD dirty_files=148 date=2026-10-01 23:52:19
WARNING dirty tree (148 files) — store artifacts will not match any commit exactly
== Building Android App Bundle (release)
Resolving dependencies...
Downloading packages...
  _fe_analyzer_shared 92.0.0 (108.0.0 available)
  _flutterfire_internals 1.3.59 (1.3.77 available)
  analyzer 9.0.0 (14.4.0 available)
  archive 4.0.9 (4.3.0 available)
  async 2.13.0 (2.13.1 available)
  audio_session 0.1.25 (0.2.4 available)
  bonsoir 5.1.11 (7.1.5 available)
  bonsoir_android 5.1.6 (7.1.3 available)
! bonsoir_darwin 5.1.3 from path third_party/bonsoir_darwin (overridden)
  bonsoir_linux 5.1.3 (7.1.0 available)
  bonsoir_platform_interface 5.1.3 (7.0.0 available)
  bonsoir_windows 5.1.5 (7.3.0 available)
  clock 1.1.2 (1.1.3 available)
  code_assets 1.0.0 (2.1.0 available)
  connectivity_plus 6.1.5 (7.3.1 available)
  cross_file 0.3.5+2 (0.4.0 available)
  dart_webrtc 1.8.1 (1.8.2 available)
  dbus 0.7.12 (0.8.0 available)
  ffi 2.1.5 (2.2.0 available)
  file_selector_linux 0.9.4 (0.9.4+1 available)
  file_selector_macos 0.9.5 (0.9.5+1 available)
  file_selector_windows 0.9.3+5 (0.9.3+6 available)
  firebase_core 3.15.2 (4.15.0 available)
  firebase_core_platform_interface 6.0.2 (8.1.1 available)
  firebase_core_web 2.24.1 (3.12.0 available)
  firebase_messaging 15.2.10 (16.7.0 available)
  firebase_messaging_platform_interface 4.6.10 (4.10.0 available)
  firebase_messaging_web 3.10.10 (4.2.5 available)
  flutter_image_compress 2.4.0 (2.5.1 available)
  flutter_image_compress_common 1.0.6 (1.1.1 available)
  flutter_image_compress_macos 1.0.3 (1.1.0 available)
  flutter_image_compress_ohos 0.0.3 (0.0.3+1 available)
  flutter_image_compress_platform_interface 1.0.5 (1.1.0 available)
  flutter_image_compress_web 0.1.5 (0.1.5+1 available)
  flutter_local_notifications 18.0.1 (22.3.1 available)
  flutter_local_notifications_linux 5.0.0 (8.0.1 available)
  flutter_local_notifications_platform_interface 8.0.0 (12.2.0 available)
  flutter_plugin_android_lifecycle 2.0.33 (2.0.35 available)
  flutter_secure_storage 9.2.4 (11.2.0 available)
  flutter_secure_storage_linux 1.2.3 (3.0.3 available)
  flutter_secure_storage_macos 3.1.3 (4.0.0 available)
  flutter_secure_storage_platform_interface 1.1.2 (2.1.1 available)
  flutter_secure_storage_web 1.2.1 (2.1.1 available)
  flutter_secure_storage_windows 3.1.2 (4.2.2 available)
  flutter_svg 2.2.3 (2.3.0 available)
  flutter_webrtc 1.6.0 (1.6.2+hotfix.3 available)
  geolocator 14.0.2 (14.1.1 available)
  geolocator_android 5.0.2 (5.1.1 available)
  geolocator_apple 2.3.13 (2.3.14 available)
  geolocator_linux 0.2.4 (0.2.6 available)
  geolocator_platform_interface 4.2.6 (4.4.0 available)
  geolocator_web 4.1.3 (4.1.4 available)
  glob 2.1.3 (2.2.0 available)
  gsettings 0.2.8 (0.2.9 available)
  hooks 1.0.0 (2.2.0 available)
  html 0.15.6 (0.15.7 available)
  image 4.8.0 (4.10.1 available)
  image_picker 1.2.1 (1.2.3 available)
  image_picker_android 0.8.13+13 (0.8.13+23 available)
  image_picker_ios 0.8.13+6 (0.8.13+8 available)
  js 0.6.7 (0.7.2 available)
  just_audio 0.9.46 (0.10.6 available)
  logger 2.7.0 (2.8.0 available)
  material_color_utilities 0.13.0 (0.13.1 available)
  mime 2.0.0 (2.1.0 available)
  mobile_scanner 7.1.4 (7.4.2 available)
  native_toolchain_c 0.17.4 (0.19.5 available)
  nm 0.5.0 (0.6.0 available)
  objective_c 9.2.5 (9.6.0 available)
  package_config 2.2.0 (3.0.0 available)
  package_info_plus 9.0.0 (10.2.1 available)
  package_info_plus_platform_interface 3.2.1 (4.1.0 available)
  path_provider 2.1.5 (2.1.6 available)
  path_provider_android 2.2.22 (2.3.1 available)
  path_provider_linux 2.2.1 (2.2.2 available)
  path_provider_platform_interface 2.1.2 (2.1.3 available)
  permission_handler 11.4.0 (13.0.2 available)
  permission_handler_android 12.1.0 (14.1.0 available)
  permission_handler_apple 9.4.10 (9.6.2 available)
  permission_handler_html 0.1.3+5 (0.1.4+1 available)
  permission_handler_platform_interface 4.3.0 (4.4.1 available)
  permission_handler_windows 0.2.1 (0.2.2 available)
  petitparser 7.0.1 (7.1.0 available)
  platform 3.1.6 (3.2.0 available)
  posix 6.5.0 (6.5.2 available)
  process 5.0.5 (5.0.6 available)
  pub_semver 2.2.0 (2.2.1 available)
  qr 3.0.2 (4.0.0 available)
  receive_sharing_intent 1.8.1 (1.9.0 available)
  record 5.2.1 (7.1.1 available)
  record_android 1.5.1 (2.2.0 available)
! record_linux 1.3.0 (overridden) (2.1.2 available)
  record_platform_interface 1.5.0 (2.1.0 available)
  record_web 1.3.0 (2.1.3 available)
  record_windows 1.0.7 (2.3.0 available)
  source_span 1.10.1 (1.10.2 available)
  sqflite_common 2.5.6 (2.5.13 available)
  sqflite_common_ffi 2.4.0+2 (2.4.3 available)
! sqflite_sqlcipher 3.4.0 from path third_party/sqflite_sqlcipher (overridden)
  sqlcipher_flutter_libs 0.6.8 (0.7.0+eol available)
  sqlite3 3.1.4 (3.6.0 available)
  stack_trace 1.12.1 (1.12.2 available)
  synchronized 3.4.0 (3.4.2 available)
  test_api 0.7.12 (0.7.14 available)
  timezone 0.10.1 (0.11.1 available)
  url_launcher_android 6.3.28 (6.3.33 available)
  url_launcher_ios 6.4.1 (6.4.2 available)
  url_launcher_linux 3.2.2 (3.2.3 available)
  url_launcher_macos 3.2.5 (3.2.6 available)
  url_launcher_web 2.4.2 (2.4.3 available)
  url_launcher_windows 3.1.5 (3.1.6 available)
  uuid 4.5.2 (4.6.0 available)
  vector_graphics 1.1.19 (1.2.3 available)
  vector_graphics_compiler 1.1.20 (1.3.0 available)
  vector_math 2.4.2 (2.4.3 available)
! video_compress 3.1.4 from path third_party/video_compress (overridden)
  video_player 2.11.1 (2.14.0 available)
  video_player_android 2.9.5 (2.12.2 available)
  video_player_avfoundation 2.9.4 (2.12.0 available)
  video_player_platform_interface 6.6.0 (6.9.0 available)
  vm_service 15.0.2 (15.3.0 available)
  wakelock_plus 1.5.1 (1.8.0 available)
  wakelock_plus_platform_interface 1.4.0 (1.7.0 available)
  webdriver 3.1.0 (3.2.0 available)
  win32 5.15.0 (6.4.0 available)
  xml 6.6.1 (7.1.0 available)
  yaml 3.1.3 (3.1.4 available)
Got dependencies!
124 packages have newer versions incompatible with dependency constraints.
Try `flutter pub outdated` for more information.
Running Gradle task 'bundleRelease'...                          
WARNING: Your Android app project: app located at: /Volumes/CrucialX9/flutter_app-store-20261001/android/app/build.gradle.kts
applies the Kotlin Gradle Plugin, which will cause build failures in future versions of Flutter.
Please migrate your app to Built-in Kotlin using this guide: https://docs.flutter.dev/release/breaking-changes/migrate-to-built-in-kotlin/for-app-developers

WARNING: Your app uses the following plugins that apply Kotlin Gradle Plugin (KGP): background_push_crypto, bonsoir_android, flutter_image_compress_common, flutter_webrtc, mobile_scanner, package_info_plus, receive_sharing_intent, record_android, video_compress, video_player_android, wakelock_plus
Future versions of Flutter will fail to build if your app uses plugins that apply KGP.

Please check the changelogs of these plugins and upgrade to a version that supports Built-in Kotlin.
If no such version exists, report the issue to the plugin. If necessary, here is a guide on filing
an issue against a plugin: https://docs.flutter.dev/release/breaking-changes/migrate-to-built-in-kotlin/for-app-developers#report-incompatible-kotlin-gradle-plugin-usage-to-plugin-authors

If you are a plugin author, please migrate your plugin to Built-in Kotlin using this guide: https://docs.flutter.dev/release/breaking-changes/migrate-to-built-in-kotlin/for-plugin-authors
Font asset "MaterialIcons-Regular.otf" was tree-shaken, reducing it from 1645184 to 26688 bytes (98.4% reduction). Tree-shaking can be disabled by providing the --no-tree-shake-icons flag when building your app.
Running Gradle task 'bundleRelease'...                            148.5s
✓ Built build/app/outputs/bundle/release/app-release.aab (206.5MB)
PLAY OK build/app/outputs/bundle/release/app-release.aab (212 MB) versionName=1.0.1 versionCode=121
== Building iOS App Store IPA (release)
gomobile bind -target=ios -tags=nse_lite -ldflags "-s -w" \
		-o ../ios/Runner/GoMknoonNSE.xcframework github.com/mknoon/go-mknoon/nsebridge
gomobile bind -target=ios -o ../ios/Runner/GoMknoon.xcframework github.com/mknoon/go-mknoon/bridge
Building App Store Connect IPA with /Volumes/CrucialX9/flutter_app-store-20261001/ios/ExportOptions-AppStore.plist
Resolving dependencies...
Downloading packages...
  _fe_analyzer_shared 92.0.0 (108.0.0 available)
  _flutterfire_internals 1.3.59 (1.3.77 available)
  analyzer 9.0.0 (14.4.0 available)
  archive 4.0.9 (4.3.0 available)
  async 2.13.0 (2.13.1 available)
  audio_session 0.1.25 (0.2.4 available)
  bonsoir 5.1.11 (7.1.5 available)
  bonsoir_android 5.1.6 (7.1.3 available)
! bonsoir_darwin 5.1.3 from path third_party/bonsoir_darwin (overridden)
  bonsoir_linux 5.1.3 (7.1.0 available)
  bonsoir_platform_interface 5.1.3 (7.0.0 available)
  bonsoir_windows 5.1.5 (7.3.0 available)
  clock 1.1.2 (1.1.3 available)
  code_assets 1.0.0 (2.1.0 available)
  connectivity_plus 6.1.5 (7.3.1 available)
  cross_file 0.3.5+2 (0.4.0 available)
  dart_webrtc 1.8.1 (1.8.2 available)
  dbus 0.7.12 (0.8.0 available)
  ffi 2.1.5 (2.2.0 available)
  file_selector_linux 0.9.4 (0.9.4+1 available)
  file_selector_macos 0.9.5 (0.9.5+1 available)
  file_selector_windows 0.9.3+5 (0.9.3+6 available)
  firebase_core 3.15.2 (4.15.0 available)
  firebase_core_platform_interface 6.0.2 (8.1.1 available)
  firebase_core_web 2.24.1 (3.12.0 available)
  firebase_messaging 15.2.10 (16.7.0 available)
  firebase_messaging_platform_interface 4.6.10 (4.10.0 available)
  firebase_messaging_web 3.10.10 (4.2.5 available)
  flutter_image_compress 2.4.0 (2.5.1 available)
  flutter_image_compress_common 1.0.6 (1.1.1 available)
  flutter_image_compress_macos 1.0.3 (1.1.0 available)
  flutter_image_compress_ohos 0.0.3 (0.0.3+1 available)
  flutter_image_compress_platform_interface 1.0.5 (1.1.0 available)
  flutter_image_compress_web 0.1.5 (0.1.5+1 available)
  flutter_local_notifications 18.0.1 (22.3.1 available)
  flutter_local_notifications_linux 5.0.0 (8.0.1 available)
  flutter_local_notifications_platform_interface 8.0.0 (12.2.0 available)
  flutter_plugin_android_lifecycle 2.0.33 (2.0.35 available)
  flutter_secure_storage 9.2.4 (11.2.0 available)
  flutter_secure_storage_linux 1.2.3 (3.0.3 available)
  flutter_secure_storage_macos 3.1.3 (4.0.0 available)
  flutter_secure_storage_platform_interface 1.1.2 (2.1.1 available)
  flutter_secure_storage_web 1.2.1 (2.1.1 available)
  flutter_secure_storage_windows 3.1.2 (4.2.2 available)
  flutter_svg 2.2.3 (2.3.0 available)
  flutter_webrtc 1.6.0 (1.6.2+hotfix.3 available)
  geolocator 14.0.2 (14.1.1 available)
  geolocator_android 5.0.2 (5.1.1 available)
  geolocator_apple 2.3.13 (2.3.14 available)
  geolocator_linux 0.2.4 (0.2.6 available)
  geolocator_platform_interface 4.2.6 (4.4.0 available)
  geolocator_web 4.1.3 (4.1.4 available)
  glob 2.1.3 (2.2.0 available)
  gsettings 0.2.8 (0.2.9 available)
  hooks 1.0.0 (2.2.0 available)
  html 0.15.6 (0.15.7 available)
  image 4.8.0 (4.10.1 available)
  image_picker 1.2.1 (1.2.3 available)
  image_picker_android 0.8.13+13 (0.8.13+23 available)
  image_picker_ios 0.8.13+6 (0.8.13+8 available)
  js 0.6.7 (0.7.2 available)
  just_audio 0.9.46 (0.10.6 available)
  logger 2.7.0 (2.8.0 available)
  material_color_utilities 0.13.0 (0.13.1 available)
  mime 2.0.0 (2.1.0 available)
  mobile_scanner 7.1.4 (7.4.2 available)
  native_toolchain_c 0.17.4 (0.19.5 available)
  nm 0.5.0 (0.6.0 available)
  objective_c 9.2.5 (9.6.0 available)
  package_config 2.2.0 (3.0.0 available)
  package_info_plus 9.0.0 (10.2.1 available)
  package_info_plus_platform_interface 3.2.1 (4.1.0 available)
  path_provider 2.1.5 (2.1.6 available)
  path_provider_android 2.2.22 (2.3.1 available)
  path_provider_linux 2.2.1 (2.2.2 available)
  path_provider_platform_interface 2.1.2 (2.1.3 available)
  permission_handler 11.4.0 (13.0.2 available)
  permission_handler_android 12.1.0 (14.1.0 available)
  permission_handler_apple 9.4.10 (9.6.2 available)
  permission_handler_html 0.1.3+5 (0.1.4+1 available)
  permission_handler_platform_interface 4.3.0 (4.4.1 available)
  permission_handler_windows 0.2.1 (0.2.2 available)
  petitparser 7.0.1 (7.1.0 available)
  platform 3.1.6 (3.2.0 available)
  posix 6.5.0 (6.5.2 available)
  process 5.0.5 (5.0.6 available)
  pub_semver 2.2.0 (2.2.1 available)
  qr 3.0.2 (4.0.0 available)
  receive_sharing_intent 1.8.1 (1.9.0 available)
  record 5.2.1 (7.1.1 available)
  record_android 1.5.1 (2.2.0 available)
! record_linux 1.3.0 (overridden) (2.1.2 available)
  record_platform_interface 1.5.0 (2.1.0 available)
  record_web 1.3.0 (2.1.3 available)
  record_windows 1.0.7 (2.3.0 available)
  source_span 1.10.1 (1.10.2 available)
  sqflite_common 2.5.6 (2.5.13 available)
  sqflite_common_ffi 2.4.0+2 (2.4.3 available)
! sqflite_sqlcipher 3.4.0 from path third_party/sqflite_sqlcipher (overridden)
  sqlcipher_flutter_libs 0.6.8 (0.7.0+eol available)
  sqlite3 3.1.4 (3.6.0 available)
  stack_trace 1.12.1 (1.12.2 available)
  synchronized 3.4.0 (3.4.2 available)
  test_api 0.7.12 (0.7.14 available)
  timezone 0.10.1 (0.11.1 available)
  url_launcher_android 6.3.28 (6.3.33 available)
  url_launcher_ios 6.4.1 (6.4.2 available)
  url_launcher_linux 3.2.2 (3.2.3 available)
  url_launcher_macos 3.2.5 (3.2.6 available)
  url_launcher_web 2.4.2 (2.4.3 available)
  url_launcher_windows 3.1.5 (3.1.6 available)
  uuid 4.5.2 (4.6.0 available)
  vector_graphics 1.1.19 (1.2.3 available)
  vector_graphics_compiler 1.1.20 (1.3.0 available)
  vector_math 2.4.2 (2.4.3 available)
! video_compress 3.1.4 from path third_party/video_compress (overridden)
  video_player 2.11.1 (2.14.0 available)
  video_player_android 2.9.5 (2.12.2 available)
  video_player_avfoundation 2.9.4 (2.12.0 available)
  video_player_platform_interface 6.6.0 (6.9.0 available)
  vm_service 15.0.2 (15.3.0 available)
  wakelock_plus 1.5.1 (1.8.0 available)
  wakelock_plus_platform_interface 1.4.0 (1.7.0 available)
  webdriver 3.1.0 (3.2.0 available)
  win32 5.15.0 (6.4.0 available)
  xml 6.6.1 (7.1.0 available)
  yaml 3.1.3 (3.1.4 available)
Got dependencies!
124 packages have newer versions incompatible with dependency constraints.
Try `flutter pub outdated` for more information.
Xcode is fetching Swift Package Manager dependencies. This may take several minutes...
  Fetching from https://github.com/google/GoogleAppMeasurement.git (cached)...     
  Fetching from https://github.com/google/GoogleUtilities.git (cached)...     
  Fetching from https://github.com/google/app-check.git (cached)...     
  Fetching from https://github.com/google/gtm-session-fetcher.git (cached)...     
  Fetching from https://github.com/firebase/leveldb.git (cached)...     
  Fetching from https://github.com/google/interop-ios-for-google-sdks.git (cached)...     
  Fetching from https://github.com/apple/swift-protobuf.git (cached)...     
  Fetching from https://github.com/google/grpc-binary.git (cached)...     
  Fetching from https://github.com/firebase/nanopb.git (cached)...     
  Fetching from https://github.com/firebase/firebase-ios-sdk (cached)...     
  Fetching from https://github.com/firebase/flutterfire (cached)...     
  Fetching from https://github.com/google/promises.git (cached)...     
  Fetching from https://github.com/googleads/google-ads-on-device-conversion-ios-sdk (cached)...     
  Fetching from https://github.com/google/GoogleDataTransport.git (cached)...     
  Fetching from https://github.com/google/abseil-cpp-binary.git (cached)...     
Archiving com.mknoon.app...
The following plugins do not support Swift Package Manager for ios:
  - bonsoir_darwin
  - flutter_image_compress_common
  - flutter_local_notifications
  - flutter_secure_storage
  - receive_sharing_intent
  - record_darwin
  - sqflite_sqlcipher
  - sqlcipher_flutter_libs
  - video_compress
This will become an error in a future version of Flutter. Please contact the plugin maintainers to request Swift Package Manager adoption.
Automatically signing iOS for device deployment using specified development team in Xcode project: 397R9Q4WMX
Running pod install...                                             14.1s
Running Xcode build...                                          
Xcode archive done.                                         390.4s
✓ Built build/ios/archive/Runner.xcarchive (353.9MB)

[✓] App Settings Validation
    • Version Number: 1.0.1
    • Build Number: 121
    • Display Name: mknoon
    • Deployment Target: 15.0
    • Bundle Identifier: com.mknoon.app

To update the settings, please refer to https://flutter.dev/to/ios-deploy

Building App Store IPA...                                          12.3s
✓ Built IPA to build/ios/ipa (61.8MB)
To upload to the App Store either:
    1. Drag and drop the "build/ios/ipa/*.ipa" bundle into the Apple Transporter macOS app https://apps.apple.com/us/app/transporter/id1450874784
    2. Run "xcrun altool --upload-app --type ios -f build/ios/ipa/*.ipa --apiKey your_api_key --apiIssuer your_issuer_id".
       See "man altool" for details about how to authenticate with the App Store Connect API key.

Retained archive, symbols, IPA and provenance: build/releases/1.0.1+121/ios-20261001T215556Z-a8806e5758c14837865337fa45474ea7

IPA output:
/Volumes/CrucialX9/flutter_app-store-20261001/build/ios/ipa/mknoon.ipa
IOS OK build/ios/ipa/mknoon.ipa (59 MB) version=1.0.1 build=121 bridge-linked (go-runtime=yes, stripped-symbol-names=0)
---
PROVENANCE version=1.0.1+121 name=1.0.1 build=121 sha=73376731a branch=HEAD dirty_files=148 date=2026-10-01 23:52:19
WARNING dirty tree (148 files) — store artifacts will not match any commit exactly
PLAY OK build/app/outputs/bundle/release/app-release.aab (212 MB) versionName=1.0.1 versionCode=121
IOS OK build/ios/ipa/mknoon.ipa (59 MB) version=1.0.1 build=121 bridge-linked (go-runtime=yes, stripped-symbol-names=0)
-rw-r--r--@ 1 I560101  staff  206534794 Oct  2 00:05 mknoon-1.0.1-121.aab
-rw-r--r--@ 1 I560101  staff   61458782 Oct  2 00:05 mknoon-1.0.1-121.ipa
R43 EXIT 0
