RUN=/Volumes/CrucialX9/flutter_app/artifacts/beta-20260925/run-20260925-192239
Success
android: versionName=1.0.0-237e88dd5.d231.fix-ecd27f7b5.t260925185450
ios(rel): 260925185450  expected 260925185450
FLOW s11_callkit android PASS rc=0
FLOW s11_callkit ios PASS rc=0
ios(nock): 260925185450  expected 260925185450
FLOW s05a_fixed ios PASS rc=0
FLOW s05a_fixed android PASS rc=0
FLOW s05b_fixed ios PASS rc=0
FLOW s05b_fixed android PASS rc=0
FLOW s05c_fixed ios PASS rc=0
FLOW s05c_fixed android PASS rc=0
FLOW s05d_fixed android PASS rc=0
FLOW s05d_fixed ios PASS rc=0
FLOW s05e_fixed android PASS rc=0
FLOW s05e_fixed ios PASS rc=0
-rw-r--r--@  1 I560101  staff  90296 Sep 25 19:32 chat_fixed_android.json
-rw-r--r--@  1 I560101  staff  64439 Sep 25 19:33 chat_fixed_ios.json
FLOW s09_back ios FAIL rc=1
FLOW s09_back android FAIL rc=1
FLOW s10_netdrop ios FAIL rc=1
FLOW s10_netdrop android FAIL rc=1
FLOW s10_after android PASS rc=0
FLOW s10_after ios PASS rc=0
FLOW s12_recents ios FAIL rc=1
FLOW s12_recents android FAIL rc=1
FLOW s12_after android PASS rc=0
FLOW s12_after ios PASS rc=0
/Volumes/CrucialX9/flutter_app/docker-ws/beta/run_fixed.sh: line 48: 71761 Terminated: 15          nohup perl -e 'use POSIX qw(setsid); setsid(); exec @ARGV' "$ANDROID_HOME/platform-tools/adb" -s "$SERIAL" logcat -T 1 -v threadtime > "$RUN/android_logcat_live.txt" 2>&1 < /dev/null
