RUN=/Volumes/CrucialX9/flutter_app/artifacts/beta-20260925/run-20260926-185802
FLOW ready_s09 android PASS rc=0
FLOW ready_s09 ios PASS rc=0
FLOW s09_back android PASS rc=0
FLOW s09_back ios PASS rc=0
FLOW ready_s10 android PASS rc=0
FLOW ready_s10 ios PASS rc=0
FLOW s10_netdrop android PASS rc=0
FLOW s10_netdrop ios PASS rc=0
FLOW ready_s12 android PASS rc=0
FLOW ready_s12 ios PASS rc=0
FLOW s12_recents android PASS rc=0
FLOW s12_recents ios PASS rc=0
FLOW ready_s05 ios PASS rc=0
FLOW ready_s05 android PASS rc=0
FLOW s05a android PASS rc=0
FLOW s05a ios PASS rc=0
FLOW s05b android PASS rc=0
FLOW s05b ios PASS rc=0
FLOW s05c ios PASS rc=0
FLOW s05c android PASS rc=0
FLOW s05d android PASS rc=0
FLOW s05d ios PASS rc=0
FLOW s05e android PASS rc=0
FLOW s05e ios PASS rc=0
FLOW ready_msg android PASS rc=0
FLOW ready_msg ios PASS rc=0
FLOW s01_text android PASS rc=0
FLOW s01_text ios PASS rc=0
FLOW s02_react android PASS rc=0
FLOW s02_react ios PASS rc=0
FLOW s03_edit ios PASS rc=0
FLOW s03_edit android PASS rc=0
FLOW s04_voice ios PASS rc=0
FLOW s04_voice android PASS rc=0
FLOW s06a_stop android PASS rc=0
FLOW s06a_send ios PASS rc=0
FLOW s06a_recv android PASS rc=0
FLOW s06b_stop ios PASS rc=0
FLOW s06b_send android PASS rc=0
FLOW s06b_recv ios PASS rc=0
FLOW s07_restart android PASS rc=0
FLOW s07_restart ios PASS rc=0
FLOW s08_group android FAIL rc=1
FLOW s08_group ios PASS rc=0
FLOW to_chat android PASS rc=0
FLOW s11_callkit ios PASS rc=0
FLOW s11_callkit android PASS rc=0
FLOW ready_end android PASS rc=0
FLOW ready_end ios PASS rc=0
/Volumes/CrucialX9/flutter_app/docker-ws/beta/run_full4.sh: line 158: 58447 Terminated: 15          nohup perl -e 'use POSIX qw(setsid); setsid(); exec @ARGV' "$ANDROID_HOME/platform-tools/adb" -s "$SERIAL" logcat -T 1 -v threadtime > "$RUN/android_logcat_live.txt" 2>&1 < /dev/null
