start 10:01:43 0941aa31f status_lines=0
2026/10/06 12:24:37 [INBOX] Incoming stream
2026/10/06 12:24:37 [INBOX] Stream closed
2026/10/06 12:24:37 [INBOX] stream handled in 31.5µs
2026/10/06 12:24:37 [INBOX] Incoming stream
2026/10/06 12:24:37 [INBOX] Stream closed
2026/10/06 12:24:37 [INBOX] stream handled in 466.417µs
2026/10/06 12:24:37 [INBOX] Incoming stream
2026/10/06 12:24:37 [INBOX] Stream closed
2026/10/06 12:24:37 [INBOX] stream handled in 366.583µs
2026/10/06 12:24:37 [PUSH] outcome=provider_init_failed stage=messaging_client
2026/10/06 12:24:37 [PUSH] outcome=provider_init_failed stage=messaging_client
2026/10/06 12:24:37 [PUSH] outcome=success attempt=1 total_attempts=1
2026/10/06 12:24:37 [PUSH] outcome=success attempt=1 total_attempts=1
2026/10/06 12:24:37 [PUSH] outcome=failed attempts=1
2026/10/06 12:24:37 [PUSH] outcome=invalid_token reason=literal_legacy_not_registered
2026/10/06 12:24:37 [PUSH] outcome=invalid_token reason=literal_legacy_not_registered
2026/10/06 12:24:37 [PUSH] provider unavailable outcome=provider_unavailable
2026/10/06 12:24:37 [PUSH] outcome=success attempt=1 total_attempts=1
2026/10/06 12:24:37 [INBOX] Stored message for recipient from sender
2026/10/06 12:24:37 [PUSH] outcome=success attempt=1 total_attempts=3
2026/10/06 12:24:37 [WAKE_AUTH] outcome=lookup_failed
2026/10/06 12:24:37 [WAKE_AUTH] outcome=lookup_failed
2026/10/06 12:24:37 [WAKE_AUTH] outcome=lookup_failed
2026/10/06 12:24:37 [WAKE_AUTH] outcome=lookup_failed
2026/10/06 12:24:37 [WAKE_AUTH] outcome=lookup_failed
2026/10/06 12:24:37 [WAKE_AUTH] outcome=lookup_failed
2026/10/06 12:24:37 [WAKE_AUTH] outcome=lookup_failed
2026/10/06 12:24:37 [WAKE_AUTH] outcome=lookup_failed
2026/10/06 12:24:37 [WAKE_AUTH] outcome=lookup_failed
2026/10/06 12:24:37 [WAKE_AUTH] outcome=lookup_failed
2026/10/06 12:24:37 [WAKE_AUTH] outcome=lookup_failed
2026/10/06 12:24:37 [WAKE_AUTH] outcome=lookup_failed
2026/10/06 12:24:37 [WAKE_AUTH] outcome=lookup_failed
2026/10/06 12:24:37 [WAKE_AUTH] outcome=lookup_failed
2026/10/06 12:24:37 [WAKE_AUTH] outcome=lookup_failed
2026/10/06 12:24:37 [WAKE_AUTH] outcome=lookup_failed
2026/10/06 12:24:37 [WAKE_AUTH] outcome=lookup_failed
2026/10/06 12:24:37 [WAKE_AUTH] outcome=lookup_failed
2026/10/06 12:24:37 [INBOX] Incoming stream
2026/10/06 12:24:37 [WAKE_AUTH] outcome=registration_failed
2026/10/06 12:24:37 [INBOX] Stream closed
2026/10/06 12:24:37 [INBOX] stream handled in 47.625µs
2026/10/06 12:24:37 [WAKE_AUTH] outcome=lookup_failed
2026/10/06 12:24:37 [WAKE_AUTH] outcome=lookup_failed
2026/10/06 12:24:37 [INBOX] Incoming stream
2026/10/06 12:24:37 [PUSH] outcome=unregistered
2026/10/06 12:24:37 [WAKE_AUTH] outcome=deletion_failed
2026/10/06 12:24:37 [INBOX] Stream closed
2026/10/06 12:24:37 [INBOX] stream handled in 105.084µs
2026/10/06 12:24:37 [INBOX] Incoming stream
2026/10/06 12:24:37 [INBOX] Stream closed
2026/10/06 12:24:37 [INBOX] stream handled in 204.334µs
2026/10/06 12:24:37 [INBOX] Stored message for peer-recipient from peer-alice
2026/10/06 12:24:37 [WAKE_AUTH] outcome=lookup_failed
2026/10/06 12:24:37 [INBOX] Stored message for peer-recipient from peer-alice
2026/10/06 12:24:37 [WAKE_AUTH] outcome=lookup_failed
FAIL
FAIL	github.com/mknoon/relay-server	129.144s
FAIL
FAIL: #1635 scripts/test/run_relay_all_go_309.sh exited with 1
end rc=1 10:24:38
